
=== Thu Aug 14 00:00:01 2025

Packages were changed.
Update Mode: updateDependencies

The following packages were added:
  com.unity.2d.sprite@1.0.0
  com.unity.2d.tilemap@1.0.0
  com.unity.collab-proxy@2.5.2
  com.unity.ide.rider@3.0.31
  com.unity.ide.visualstudio@2.0.22
  com.unity.modules.androidjni@1.0.0
  com.unity.test-framework@1.4.5
  com.unity.timeline@1.8.7
  com.unity.ugui@2.0.0
  com.unity.xr.legacyinputhelpers@2.1.11
  com.unity.ai.navigation@2.0.4
  com.unity.modules.accessibility@1.0.0
  com.unity.multiplayer.center@1.0.0
The following packages were updated:
  com.unity.ads from version 2.0.8 to 4.4.2
  com.unity.analytics from version 2.0.16 to 3.8.1
  com.unity.purchasing from version 2.0.3 to 4.12.2
The following packages were removed:
  com.unity.package-manager-ui@1.9.11
  com.unity.textmeshpro@1.2.4

=== Fri Dec  5 16:52:14 2025

Packages were changed.
Update Mode: updateDependencies

The following packages were updated:
  com.unity.ai.navigation from version 2.0.4 to 2.0.9
  com.unity.collab-proxy from version 2.5.2 to 2.9.3
  com.unity.ide.rider from version 3.0.31 to 3.0.37
  com.unity.ide.visualstudio from version 2.0.22 to 2.0.23
  com.unity.test-framework from version 1.4.5 to 1.5.1
  com.unity.timeline from version 1.8.7 to 1.8.9
  com.unity.xr.legacyinputhelpers from version 2.1.11 to 2.1.12
